[Message: Preloader] BepInEx 6.0.0-be.755 - Sledding Game (4/30/2026 1:01:58 PM)
[Message: Preloader] Built from commit 3fab71a1914132a1ce3a545caf3192da603f2258
[Info   :   BepInEx] System platform: Windows 10 (Wine 11.0) 64-bit
[Info   :   BepInEx] Process bitness: 64-bit (x64)
[Info   :   BepInEx] Running under Unity 6000.3.12f1
[Info   :   BepInEx] Runtime version: 6.0.7
[Info   :   BepInEx] Runtime information: .NET 6.0.7
[Info   : Preloader] 0 patcher plugins loaded
[Info   : Preloader] 0 assemblies discovered
[Message:AssemblyPatcher] Executing 0 patch(es)
[Message:   BepInEx] Chainloader initialized
[Warning:Il2CppInterop] Class::Init signatures have been exhausted, using a substitute!
[Info   :Il2CppInterop] Registered mono type Il2CppInterop.Runtime.DelegateSupport+Il2CppToMonoDelegateReference in il2cpp domain
[Info   :   BepInEx] 1 plugin to load
[Info   :   BepInEx] Loading [SledCoopMod 0.1.0]
[Info   :SledCoopMod] SledCoopMod v0.1.0 loading...
[Warning:  HarmonyX] AccessTools.Method: Could not find method for type UnityEngine.Logger and name Log and parameters (UnityEngine.LogType, object)
[Warning:  HarmonyX] AccessTools.Method: Could not find method for type UnityEngine.Logger and name Log and parameters (UnityEngine.LogType, object, UnityEngine.Object)
[Warning:  HarmonyX] AccessTools.Method: Could not find method for type UnityEngine.Logger and name Log and parameters (UnityEngine.LogType, string, object)
[Warning:  HarmonyX] AccessTools.Method: Could not find method for type UnityEngine.Logger and name LogFormat and parameters (UnityEngine.LogType, string, object[])
[Info   :SledCoopMod] [PatchHelpers] Type cache built: 63193 entries from 179 assemblies (skipped 79).
[Warning:Il2CppInterop] Failed to init IL2CPP patch backend for void PlayerReference::.ctor(string productUserId, long platformUserId, int connectionID, string fallbackUsername, string voiceId, AuthPlatform authPlatform, PlayerControl playerControl), using normal patch handlers: Derived classes must provide an implementation.
[Info   :SledCoopMod] Harmony: 93 patch(es) applied, 13 skipped, 33 deferred to EosLatePatcher.
[Info   :SledCoopMod] [OfflineModeManager] PreResolve skipped: offline-only local host mode avoids native EOS lobby startup.
[Info   :SledCoopMod] [EosLatePatcher] Subscribed to AppDomain.AssemblyLoad. 33 EOS-tagged patch class(es) pending.
[Warning:Il2CppInterop] Failed to init IL2CPP patch backend for static void PlayEveryWare.EpicOnlineServices.PlatformManager::.cctor(), using normal patch handlers: Derived classes must provide an implementation.
[Info   :SledCoopMod] [EosLatePatcher] After 'initial': applied=29, stillPending=4, total=29/33.
[Info   :Il2CppInterop] Registered mono type SledCoopMod.ModBootstrap in il2cpp domain
[Info   :Il2CppInterop] Registered mono type SledCoopMod.LocalPlayerManager in il2cpp domain
[Info   :Il2CppInterop] Registered mono type SledCoopMod.InputRouter in il2cpp domain
[Info   :Il2CppInterop] Registered mono type SledCoopMod.SceneWatcher in il2cpp domain
[Error  :Il2CppInterop] Assembly SledCoopMod.dll is not registered in il2cpp
[Info   :Il2CppInterop] Registered mono type SledCoopMod.NetworkedInstanceManager in il2cpp domain
[Warning:Il2CppInterop] Method System.Collections.Generic.List`1[SledCoopMod.Patches.NetworkedPlayerDisplayEntry] GetEntries() on type SledCoopMod.NetworkedRosterManager has unsupported return type System.Collections.Generic.List`1[SledCoopMod.Patches.NetworkedPlayerDisplayEntry]
[Warning:Il2CppInterop] Method PlayerControl FindPlayerForId(PlayerControl[], Int32, Int32) on type SledCoopMod.NetworkedRosterManager has unsupported parameter PlayerControl[] players of type PlayerControl[]
[Warning:Il2CppInterop] Method PlayerControl FindPlayerForSlot(PlayerControl[], Int32) on type SledCoopMod.NetworkedRosterManager has unsupported parameter PlayerControl[] players of type PlayerControl[]
[Warning:Il2CppInterop] Method Int32 ResolveSlotForPlayer(PlayerControl, PlayerControl[], Int32, Int32) on type SledCoopMod.NetworkedRosterManager has unsupported parameter PlayerControl[] players of type PlayerControl[]
[Warning:Il2CppInterop] Method PlayerControl[] GetAllPlayerControls() on type SledCoopMod.NetworkedRosterManager has unsupported return type PlayerControl[]
[Info   :Il2CppInterop] Registered mono type SledCoopMod.NetworkedRosterManager in il2cpp domain
[Info   :Il2CppInterop] Registered mono type SledCoopMod.NetworkedFocusManager in il2cpp domain
[Info   :Il2CppInterop] Registered mono type SledCoopMod.NetworkedRewiredIsolationManager in il2cpp domain
[Info   :Il2CppInterop] Registered mono type SledCoopMod.NetworkedUiStateManager in il2cpp domain
[Info   :Il2CppInterop] Registered mono type SledCoopMod.LocalCoopUI in il2cpp domain
[Info   :SledCoopMod] LocalPlayerManager initialised. Slot 0 pre-joined.
[Info   :SledCoopMod] [NetworkedInstanceManager] role=Host host=127.0.0.1 port=7770 slot=0 profile='Host' device=None
[Info   :SledCoopMod] [NetworkedFocusManager] Unity Input System background behavior set to IgnoreFocus.
[Info   :SledCoopMod] SledCoopMod: all manager components attached. MaxLocalPlayers=4, MultiDisplay=False, OnlineHybrid=False
[Info   :SledCoopMod] ModBootstrap component attached.
[Message:   BepInEx] Chainloader startup complete
[Info   :SledCoopMod] [SceneWatcher] Scene changed: '' -> 'Splashscreen Scene'
[Info   :SledCoopMod] [ModBootstrap] Heartbeat frame=300 scene='Splashscreen Scene'
[Info   :SledCoopMod] [ModBootstrap] Heartbeat frame=600 scene='Splashscreen Scene'
[Info   :SledCoopMod] [NetworkedRosterManager] Roster entries: 0:Host
[Info   :SledCoopMod] [ModBootstrap] Heartbeat frame=900 scene='Splashscreen Scene'
[Info   :SledCoopMod] [ModBootstrap] Heartbeat frame=1200 scene='Splashscreen Scene'
[Info   :SledCoopMod] [ModBootstrap] Heartbeat frame=1500 scene='Splashscreen Scene'
[Info   :SledCoopMod] [ModBootstrap] Heartbeat frame=1800 scene='Splashscreen Scene'
[Info   :SledCoopMod] [ModBootstrap] Heartbeat frame=2100 scene='Splashscreen Scene'
[Info   :SledCoopMod] [ModBootstrap] Heartbeat frame=2400 scene='Splashscreen Scene'
[Info   :SledCoopMod] [ModBootstrap] Heartbeat frame=2700 scene='Splashscreen Scene'
[Info   :SledCoopMod] [ModBootstrap] Heartbeat frame=3000 scene='Splashscreen Scene'
[Info   :SledCoopMod] [ModBootstrap] Heartbeat frame=3300 scene='Splashscreen Scene'
[Info   :SledCoopMod] [ModBootstrap] Heartbeat frame=3600 scene='Splashscreen Scene'
[Info   :SledCoopMod] [ModBootstrap] Heartbeat frame=3900 scene='Splashscreen Scene'
[Info   :SledCoopMod] [ModBootstrap] Heartbeat frame=4200 scene='Splashscreen Scene'
[Info   :SledCoopMod] [ModBootstrap] Heartbeat frame=4500 scene='Splashscreen Scene'
[Info   :SledCoopMod] [ModBootstrap] Heartbeat frame=4800 scene='Splashscreen Scene'
[Info   :SledCoopMod] [ModBootstrap] Heartbeat frame=5100 scene='Splashscreen Scene'
[Info   :SledCoopMod] [ModBootstrap] Heartbeat frame=5400 scene='Splashscreen Scene'
[Info   :SledCoopMod] [ModBootstrap] Heartbeat frame=5700 scene='Splashscreen Scene'
[Info   :SledCoopMod] [ModBootstrap] Heartbeat frame=6000 scene='Splashscreen Scene'
[Info   :SledCoopMod] [ModBootstrap] Heartbeat frame=6300 scene='Splashscreen Scene'
[Info   :SledCoopMod] [ModBootstrap] Heartbeat frame=6600 scene='Splashscreen Scene'
[Info   :SledCoopMod] [ModBootstrap] Heartbeat frame=6900 scene='Splashscreen Scene'
[Info   :SledCoopMod] [ModBootstrap] Heartbeat frame=7200 scene='Splashscreen Scene'
[Info   :SledCoopMod] [ModBootstrap] Heartbeat frame=7500 scene='Splashscreen Scene'
[Info   :SledCoopMod] [ModBootstrap] Heartbeat frame=7800 scene='Splashscreen Scene'
[Info   :SledCoopMod] [ModBootstrap] Heartbeat frame=8100 scene='Splashscreen Scene'
[Info   :SledCoopMod] [ModBootstrap] Heartbeat frame=8400 scene='Splashscreen Scene'
[Info   :SledCoopMod] [ModBootstrap] Heartbeat frame=8700 scene='Splashscreen Scene'
[Info   :SledCoopMod] [ModBootstrap] Heartbeat frame=9000 scene='Splashscreen Scene'
[Info   :SledCoopMod] [ModBootstrap] Heartbeat frame=9300 scene='Splashscreen Scene'
[Info   :SledCoopMod] [ModBootstrap] Heartbeat frame=9600 scene='Splashscreen Scene'
[Info   :SledCoopMod] [ModBootstrap] Heartbeat frame=9900 scene='Splashscreen Scene'
[Info   :SledCoopMod] [ModBootstrap] Heartbeat frame=10200 scene='Splashscreen Scene'
[Info   :SledCoopMod] [ModBootstrap] Heartbeat frame=10500 scene='Splashscreen Scene'
[Info   :SledCoopMod] [ModBootstrap] Heartbeat frame=10800 scene='Splashscreen Scene'
[Info   :SledCoopMod] [ModBootstrap] Heartbeat frame=11100 scene='Splashscreen Scene'
[Info   :SledCoopMod] [ModBootstrap] Heartbeat frame=11400 scene='Splashscreen Scene'
[Info   :SledCoopMod] [ModBootstrap] Heartbeat frame=11700 scene='Splashscreen Scene'
[Info   :SledCoopMod] [ModBootstrap] Heartbeat frame=12000 scene='Splashscreen Scene'
[Info   :SledCoopMod] [ModBootstrap] Heartbeat frame=12300 scene='Splashscreen Scene'
[Info   :SledCoopMod] [ModBootstrap] Heartbeat frame=12600 scene='Splashscreen Scene'
[Info   :SledCoopMod] [ModBootstrap] Heartbeat frame=12900 scene='Splashscreen Scene'
[Info   :SledCoopMod] [ModBootstrap] Heartbeat frame=13200 scene='Splashscreen Scene'
[Info   :SledCoopMod] [ModBootstrap] Heartbeat frame=13500 scene='Splashscreen Scene'
[Info   :SledCoopMod] [ModBootstrap] Heartbeat frame=13800 scene='Splashscreen Scene'
[Info   :SledCoopMod] [ModBootstrap] Heartbeat frame=14100 scene='Splashscreen Scene'
[Info   :SledCoopMod] [ModBootstrap] Heartbeat frame=14400 scene='Splashscreen Scene'
[Info   :SledCoopMod] [ModBootstrap] Heartbeat frame=14700 scene='Splashscreen Scene'
[Info   :SledCoopMod] [ModBootstrap] Heartbeat frame=15000 scene='Splashscreen Scene'
[Info   :SledCoopMod] [ModBootstrap] Heartbeat frame=15300 scene='Splashscreen Scene'
[Info   :SledCoopMod] [ModBootstrap] Heartbeat frame=15600 scene='Splashscreen Scene'
[Info   :SledCoopMod] [ModBootstrap] Heartbeat frame=15900 scene='Splashscreen Scene'
[Info   :SledCoopMod] [ModBootstrap] Heartbeat frame=16200 scene='Splashscreen Scene'
[Info   :SledCoopMod] [ModBootstrap] Heartbeat frame=16500 scene='Splashscreen Scene'
[Info   :SledCoopMod] [ModBootstrap] Heartbeat frame=16800 scene='Splashscreen Scene'
[Info   :SledCoopMod] [ModBootstrap] Heartbeat frame=17100 scene='Splashscreen Scene'
[Info   :SledCoopMod] [ModBootstrap] Heartbeat frame=17400 scene='Splashscreen Scene'
[Info   :SledCoopMod] [ModBootstrap] Heartbeat frame=17700 scene='Splashscreen Scene'
[Info   :SledCoopMod] [SceneWatcher] Scene changed: 'Splashscreen Scene' -> 'Boot'
[Info   :SledCoopMod] [ModBootstrap] Heartbeat frame=18000 scene='Boot'
[Info   :SledCoopMod] [NetworkedFocusManager] Rewired background input enabled (ignoreInputWhenAppNotInFocus=false).
[Info   :SledCoopMod] [NetworkedRewiredIsolation] host: keyboard/mouse kept, child gamepads removed.
[Info   :SledCoopMod] [NetworkedRewiredIsolation] Rewired player-0 device isolation active.
[Info   :SledCoopMod] [ModBootstrap] Heartbeat frame=18300 scene='Boot'
[Info   :SledCoopMod] [DissonancePatches] PlayerVoiceController.Awake skipped for local coop network mode.
[Info   :SledCoopMod] [DissonancePatches] DissonanceFishNetComms.Awake skipped for local coop network mode.
[Info   :SledCoopMod] [DissonancePatches] DissonanceFishNetComms.OnEnable skipped for local coop network mode.
[Info   :SledCoopMod] [DissonancePatches] PlayerVoiceController.Start skipped for local coop network mode.
[Info   :SledCoopMod] [NetworkedPlatformUser] Skipped native user-info async lookup in networked local mode.
[Info   :SledCoopMod] [DissonancePatches] DissonanceComms.Start skipped for local coop network mode.
[Info   :SledCoopMod] [SceneWatcher] Scene changed: 'Boot' -> 'Main Mountain Scene'
[Info   :SledCoopMod] [DissonancePatches] DissonanceFishNetComms.Update skipped for local coop network mode.
[Info   :SledCoopMod] [DissonancePatches] DissonanceComms.FindPlayer(null) skipped for local coop network mode.
[Info   :SledCoopMod] [DissonancePatches] DissonanceComms.Update skipped for local coop network mode.
[Info   :SledCoopMod] [DissonancePatches] DissonanceTrigger.VoiceProximityBroadcastTrigger.Update skipped for local coop network mode.
[Info   :SledCoopMod] [ModBootstrap] Heartbeat frame=18600 scene='Main Mountain Scene'
[Info   :SledCoopMod] [ModBootstrap] Heartbeat frame=18900 scene='Main Mountain Scene'
[Info   :SledCoopMod] [ModBootstrap] Heartbeat frame=19200 scene='Main Mountain Scene'
[Info   :SledCoopMod] [ModBootstrap] Heartbeat frame=19500 scene='Main Mountain Scene'
[Info   :SledCoopMod] [NetworkedInstanceManager] Queued child slot 1; host has not started yet.
[Info   :SledCoopMod] [InputRouter] P2 joined slot 1.
[Info   :SledCoopMod] [NetworkedInstanceManager] Networked local game requested for 2 player(s).
[Info   :SledCoopMod] [NetworkedInstanceManager] Transport set to Tugboat (was FishNet.Transporting.FishyEOSPlugin.FishyEOS).
[Info   :SledCoopMod] [NetworkedInstanceManager] Tugboat host/server started.
[Info   :SledCoopMod] [NetworkedInstanceManager] Launched child slot 1: pid=1160, profile=guest01, device=Gamepad0, exe='S:\common\Sledding Game\Sledding Game.exe', cwd='S:\common\Sledding Game', token=f58655fc7d5d477581ee131e5e2d8d29, WINEDLLOVERRIDES='winhttp=n,b;steam.exe=b;dotnetfx35.exe=b;dotnetfx35setup.exe=b;beclient.dll=b,n;beclient_x64.dll=b,n;winebth.sys=d;opencl=n,d;d3d11=n;d3d10core=n;d3d9=n;dxgi=n;d3d12=n;d3d12core=n;nvapi64=n;nvofapi64=n;nvapi=n;nvcuda=b', DOORSTOP_DISABLE='', DOORSTOP_INVOKE_DLL_PATH='S:\common\Sledding Game\BepInEx\core\BepInEx.Unity.IL2CPP.dll', WineDllOverride.winhttp='native,builtin'.
[Info   :SledCoopMod] [NetworkedInstanceManager] Invoked LobbyManager.WaitForConnection().
[Info   :SledCoopMod] [NetworkedWindowLayout] Applied slot=0 players=2 bounds=0,0,1280x1440 hwnd=0x500B6.
[Info   :SledCoopMod] [NetworkedRosterManager] Roster entries: 0:Zyculous|1:guest01
[Info   :SledCoopMod] [DissonancePatches] DissonanceFishNetPlayer.Awake skipped for local coop network mode.
[Info   :SledCoopMod] [DissonancePatches] DissonanceFishNetPlayer.OnEnable skipped for local coop network mode.
[Info   :SledCoopMod] [SpawnHooks] Registered native local pawn 'Player Networked(Clone)'.
[Info   :SledCoopMod] [SceneWatcher] Gameplay started (native FishNet pawn registered).
[Info   :SledCoopMod] [NetworkedUiState] Restored native HUD action prompt layout for networked gameplay.
[Info   :SledCoopMod] [DissonancePatches] DissonanceFishNetPlayer.OnOwnershipClient skipped for local coop network mode.
[Info   :SledCoopMod] [ModBootstrap] post-spawn tick 1 (frame=19716).
[Info   :SledCoopMod] [ModBootstrap] post-spawn tick 2 (frame=19717).
[Info   :SledCoopMod] [ModBootstrap] post-spawn tick 3 (frame=19718).
[Info   :SledCoopMod] [ModBootstrap] post-spawn tick 4 (frame=19719).
[Info   :SledCoopMod] [ModBootstrap] post-spawn tick 5 (frame=19720).
[Info   :SledCoopMod] [ModBootstrap] post-spawn tick 6 (frame=19721).
[Info   :SledCoopMod] [ModBootstrap] post-spawn tick 7 (frame=19722).
[Info   :SledCoopMod] [ModBootstrap] post-spawn tick 8 (frame=19723).
[Info   :SledCoopMod] [ModBootstrap] post-spawn tick 9 (frame=19724).
[Info   :SledCoopMod] [ModBootstrap] post-spawn tick 10 (frame=19725).
[Info   :SledCoopMod] [ModBootstrap] post-spawn tick 11 (frame=19726).
[Info   :SledCoopMod] [ModBootstrap] post-spawn tick 12 (frame=19727).
[Info   :SledCoopMod] [ModBootstrap] post-spawn tick 13 (frame=19728).
[Info   :SledCoopMod] [ModBootstrap] post-spawn tick 14 (frame=19729).
[Info   :SledCoopMod] [ModBootstrap] post-spawn tick 15 (frame=19730).
[Info   :SledCoopMod] [ModBootstrap] post-spawn tick 16 (frame=19731).
[Info   :SledCoopMod] [ModBootstrap] post-spawn tick 17 (frame=19732).
[Info   :SledCoopMod] [ModBootstrap] post-spawn tick 18 (frame=19733).
[Info   :SledCoopMod] [ModBootstrap] post-spawn tick 19 (frame=19734).
[Info   :SledCoopMod] [ModBootstrap] post-spawn tick 20 (frame=19735).
[Info   :SledCoopMod] [ModBootstrap] post-spawn tick 21 (frame=19736).
[Info   :SledCoopMod] [ModBootstrap] post-spawn tick 22 (frame=19737).
[Info   :SledCoopMod] [ModBootstrap] post-spawn tick 23 (frame=19738).
[Info   :SledCoopMod] [ModBootstrap] post-spawn tick 24 (frame=19739).
[Info   :SledCoopMod] [ModBootstrap] post-spawn tick 25 (frame=19740).
[Info   :SledCoopMod] [ModBootstrap] post-spawn tick 26 (frame=19741).
[Info   :SledCoopMod] [ModBootstrap] post-spawn tick 27 (frame=19742).
[Info   :SledCoopMod] [ModBootstrap] post-spawn tick 28 (frame=19743).
[Info   :SledCoopMod] [ModBootstrap] post-spawn tick 29 (frame=19744).
[Info   :SledCoopMod] [ModBootstrap] post-spawn tick 30 (frame=19745).
[Info   :SledCoopMod] [ModBootstrap] Heartbeat frame=19800 scene='Main Mountain Scene'
[Info   :SledCoopMod] [NetworkedWindowLayout] Applied slot=0 players=2 bounds=0,0,1280x1440 hwnd=0x500B6.
[Info   :SledCoopMod] [NetworkedWindowLayout] Applied slot=0 players=2 bounds=0,0,1280x1440 hwnd=0x500B6.
[Info   :SledCoopMod] [ModBootstrap] Heartbeat frame=20100 scene='Main Mountain Scene'
[Info   :SledCoopMod] [NetworkedWindowLayout] Applied slot=0 players=2 bounds=0,0,1280x1440 hwnd=0x500B6.
[Info   :SledCoopMod] [ModBootstrap] Heartbeat frame=20400 scene='Main Mountain Scene'
[Info   :SledCoopMod] [ModBootstrap] Heartbeat frame=20700 scene='Main Mountain Scene'
[Info   :SledCoopMod] [ModBootstrap] Heartbeat frame=21000 scene='Main Mountain Scene'
[Info   :SledCoopMod] [ModBootstrap] Heartbeat frame=21300 scene='Main Mountain Scene'
[Info   :SledCoopMod] [ModBootstrap] Heartbeat frame=21600 scene='Main Mountain Scene'
[Error  :Il2CppInterop] During invoking native->managed trampoline
Exception: System.MissingMethodException: Method not found: 'UnityEngine.Component[] UnityEngine.GameObject.GetComponents(System.Type)'.
   at SledCoopMod.Patches.NetworkedPlayerListUi.FindComponentByTypeName(GameObject go, String typeName)
   at SledCoopMod.Patches.NetworkedPlayerListUi.Refresh(Object display, Boolean force)
   at SledCoopMod.Patches.Patch_PlayerListDisplayUI_Networked.Prefix(Object __instance, MethodBase __originalMethod)
   at DMD<PlayerListDisplayUI::OnEnable>(PlayerListDisplayUI this)
   at (il2cpp -> managed) OnEnable(IntPtr , Il2CppMethodInfo* )
[Error  :Il2CppInterop] During invoking native->managed trampoline
Exception: System.MissingMethodException: Method not found: 'UnityEngine.Component[] UnityEngine.GameObject.GetComponents(System.Type)'.
   at SledCoopMod.Patches.NetworkedPlayerListUi.FindComponentByTypeName(GameObject go, String typeName)
   at SledCoopMod.Patches.NetworkedPlayerListUi.Refresh(Object display, Boolean force)
   at SledCoopMod.Patches.Patch_PlayerListDisplayUI_Networked.Prefix(Object __instance, MethodBase __originalMethod)
   at DMD<PlayerListDisplayUI::Update>(PlayerListDisplayUI this)
   at (il2cpp -> managed) Update(IntPtr , Il2CppMethodInfo* )
[Error  :Il2CppInterop] During invoking native->managed trampoline
Exception: System.MissingMethodException: Method not found: 'UnityEngine.Component[] UnityEngine.GameObject.GetComponents(System.Type)'.
   at SledCoopMod.Patches.NetworkedPlayerListUi.FindComponentByTypeName(GameObject go, String typeName)
   at SledCoopMod.Patches.NetworkedPlayerListUi.Refresh(Object display, Boolean force)
   at SledCoopMod.Patches.Patch_PlayerListDisplayUI_Networked.Prefix(Object __instance, MethodBase __originalMethod)
   at DMD<PlayerListDisplayUI::Update>(PlayerListDisplayUI this)
   at (il2cpp -> managed) Update(IntPtr , Il2CppMethodInfo* )
[Error  :Il2CppInterop] During invoking native->managed trampoline
Exception: System.MissingMethodException: Method not found: 'UnityEngine.Component[] UnityEngine.GameObject.GetComponents(System.Type)'.
   at SledCoopMod.Patches.NetworkedPlayerListUi.FindComponentByTypeName(GameObject go, String typeName)
   at SledCoopMod.Patches.NetworkedPlayerListUi.Refresh(Object display, Boolean force)
   at SledCoopMod.Patches.Patch_PlayerListDisplayUI_Networked.Prefix(Object __instance, MethodBase __originalMethod)
   at DMD<PlayerListDisplayUI::Update>(PlayerListDisplayUI this)
   at (il2cpp -> managed) Update(IntPtr , Il2CppMethodInfo* )
[Error  :Il2CppInterop] During invoking native->managed trampoline
Exception: System.MissingMethodException: Method not found: 'UnityEngine.Component[] UnityEngine.GameObject.GetComponents(System.Type)'.
   at SledCoopMod.Patches.NetworkedPlayerListUi.FindComponentByTypeName(GameObject go, String typeName)
   at SledCoopMod.Patches.NetworkedPlayerListUi.Refresh(Object display, Boolean force)
   at SledCoopMod.Patches.Patch_PlayerListDisplayUI_Networked.Prefix(Object __instance, MethodBase __originalMethod)
   at DMD<PlayerListDisplayUI::Update>(PlayerListDisplayUI this)
   at (il2cpp -> managed) Update(IntPtr , Il2CppMethodInfo* )
[Info   :SledCoopMod] [ModBootstrap] Heartbeat frame=21900 scene='Main Mountain Scene'
[Error  :Il2CppInterop] During invoking native->managed trampoline
Exception: System.MissingMethodException: Method not found: 'UnityEngine.Component[] UnityEngine.GameObject.GetComponents(System.Type)'.
   at SledCoopMod.Patches.NetworkedPlayerListUi.FindComponentByTypeName(GameObject go, String typeName)
   at SledCoopMod.Patches.NetworkedPlayerListUi.Refresh(Object display, Boolean force)
   at SledCoopMod.Patches.Patch_PlayerListDisplayUI_Networked.Prefix(Object __instance, MethodBase __originalMethod)
   at DMD<PlayerListDisplayUI::Update>(PlayerListDisplayUI this)
   at (il2cpp -> managed) Update(IntPtr , Il2CppMethodInfo* )
[Error  :Il2CppInterop] During invoking native->managed trampoline
Exception: System.MissingMethodException: Method not found: 'UnityEngine.Component[] UnityEngine.GameObject.GetComponents(System.Type)'.
   at SledCoopMod.Patches.NetworkedPlayerListUi.FindComponentByTypeName(GameObject go, String typeName)
   at SledCoopMod.Patches.NetworkedPlayerListUi.Refresh(Object display, Boolean force)
   at SledCoopMod.Patches.Patch_PlayerListDisplayUI_Networked.Prefix(Object __instance, MethodBase __originalMethod)
   at DMD<PlayerListDisplayUI::Update>(PlayerListDisplayUI this)
   at (il2cpp -> managed) Update(IntPtr , Il2CppMethodInfo* )
[Error  :Il2CppInterop] During invoking native->managed trampoline
Exception: System.MissingMethodException: Method not found: 'UnityEngine.Component[] UnityEngine.GameObject.GetComponents(System.Type)'.
   at SledCoopMod.Patches.NetworkedPlayerListUi.FindComponentByTypeName(GameObject go, String typeName)
   at SledCoopMod.Patches.NetworkedPlayerListUi.Refresh(Object display, Boolean force)
   at SledCoopMod.Patches.Patch_PlayerListDisplayUI_Networked.Prefix(Object __instance, MethodBase __originalMethod)
   at DMD<PlayerListDisplayUI::Update>(PlayerListDisplayUI this)
   at (il2cpp -> managed) Update(IntPtr , Il2CppMethodInfo* )
[Error  :Il2CppInterop] During invoking native->managed trampoline
Exception: System.MissingMethodException: Method not found: 'UnityEngine.Component[] UnityEngine.GameObject.GetComponents(System.Type)'.
   at SledCoopMod.Patches.NetworkedPlayerListUi.FindComponentByTypeName(GameObject go, String typeName)
   at SledCoopMod.Patches.NetworkedPlayerListUi.Refresh(Object display, Boolean force)
   at SledCoopMod.Patches.Patch_PlayerListDisplayUI_Networked.Prefix(Object __instance, MethodBase __originalMethod)
   at DMD<PlayerListDisplayUI::Update>(PlayerListDisplayUI this)
   at (il2cpp -> managed) Update(IntPtr , Il2CppMethodInfo* )
[Error  :Il2CppInterop] During invoking native->managed trampoline
Exception: System.MissingMethodException: Method not found: 'UnityEngine.Component[] UnityEngine.GameObject.GetComponents(System.Type)'.
   at SledCoopMod.Patches.NetworkedPlayerListUi.FindComponentByTypeName(GameObject go, String typeName)
   at SledCoopMod.Patches.NetworkedPlayerListUi.Refresh(Object display, Boolean force)
   at SledCoopMod.Patches.Patch_PlayerListDisplayUI_Networked.Prefix(Object __instance, MethodBase __originalMethod)
   at DMD<PlayerListDisplayUI::OnDisable>(PlayerListDisplayUI this)
   at (il2cpp -> managed) OnDisable(IntPtr , Il2CppMethodInfo* )
[Info   :SledCoopMod] [ModBootstrap] Heartbeat frame=22200 scene='Main Mountain Scene'
[Info   :SledCoopMod] [PausePanelPatches] Suppressed Il2CppException in UIPausePanel.ShowPanel: System.NullReferenceException: Object reference not set to an instance of an object.
--- BEGIN IL2CPP STACK TRACE ---
System.NullReferenceException: Object reference not set to an instance of an object.
  at _Scripts.UI.In_Game.UIPausePanel.ShowPanel () [0x00000] in <00000000000000000000000000000000>:0 
  at UiReferenceController.OpenMenu (UiReferenceController+UiToggleableMenu menu) [0x00000] in <00000000000000000000000000000000>:0 
  at UiReferenceController.HandleInput_RegardlessOfNetwork () [0x00000] in <00000000000000000000000000000000>:0 
  at UiReferenceController.Update () [0x00000] in <00000000000000000000000000000000>:0 
--- END IL2CPP STACK TRACE ---

[Info   :SledCoopMod] [ModBootstrap] Heartbeat frame=22500 scene='Main Mountain Scene'
[Info   :SledCoopMod] [ModBootstrap] Heartbeat frame=22800 scene='Main Mountain Scene'
[Info   :SledCoopMod] [ModBootstrap] Heartbeat frame=23100 scene='Main Mountain Scene'
[Info   :SledCoopMod] [ModBootstrap] Heartbeat frame=23400 scene='Main Mountain Scene'
[Info   :SledCoopMod] [ModBootstrap] Heartbeat frame=23700 scene='Main Mountain Scene'
[Info   :SledCoopMod] [PausePanelPatches] Routing Quit.SaveInstantQuit through networked quit handler.
[Info   :SledCoopMod] [NetworkedInstanceManager] Networked quit button requested; terminating local instances before quitting.
[Info   :SledCoopMod] [DissonancePatches] DissonanceFishNetPlayer.OnDisable skipped for local coop network mode.
[Info   :SledCoopMod] [PausePanelPatches] Suppressed Il2CppException in UiReferenceController.ReturnToMainMenu.
[Info   :SledCoopMod] [DissonancePatches] DissonanceFishNetPlayer.OnDestroy skipped for local coop network mode.
[Warning:SledCoopMod] [NetworkedPlayerIdentity] Skipped PlayerReferenceManager.UpdateRecentlyPlayedWith platform recent-player bookkeeping in networked local mode.
